// Jest Snapshot v1, https://goo.gl/fbAQLP

exports[`/src/components/warning test-1 jest-snapshot 1`] = `
<div
  style={
    Object {
      "background": "red",
      "borderRadius": 10,
      "color": "white",
      "fontFamily": "arial",
      "fontSize": 20,
      "padding": 20,
    }
  }
>
  Warning!
</div>
`;
